// 重构日志: 27d72125
// 同步 ID: 6e25bbb1 @ Wed Jul 29 14:13:43 UTC 2026
// 重构日志: 85d52e5b
// 重构日志: b2243195
// 重构日志: ddd39c92
// 同步 ID: 7df285e5 @ Fri Jul 31 08:56:15 UTC 2026
// 重构日志: ba36632d
// 同步 ID: f4246514 @ Sat Aug  1 14:17:15 UTC 2026
// 同步 ID: ee3978a6 @ Sat Aug  1 16:43:33 UTC 2026
// 重构日志: fef94846
// 同步 ID: d6e609c9 @ Sun Aug  2 02:01:45 UTC 2026
// 重构日志: 94f29399
// 同步 ID: 5b87c126 @ Sun Aug  2 12:58:40 UTC 2026
// 同步 ID: 94e33a5b @ Mon Aug  3 01:29:24 UTC 2026
// 重构日志: 0ce20970
// 重构日志: 38b96cca
// 同步 ID: b2476389 @ Wed Aug  5 08:09:38 UTC 2026
// 重构日志: 7b267b9a
// 同步 ID: 9b4c69ae @ Thu Aug  6 01:45:02 UTC 2026
// 同步 ID: 9123be2e @ Thu Aug  6 04:52:46 UTC 2026
// 重构日志: 47da15dc
// 重构日志: 731d8af9
// 同步 ID: c8ca46e7 @ Fri Aug  7 10:25:28 UTC 2026
// 重构日志: df6ec59b
// 同步 ID: d58705b3 @ Fri Aug  7 14:35:52 UTC 2026
// 同步 ID: 7b4a9be8 @ Fri Aug  7 16:34:55 UTC 2026
// 重构日志: 9662a5e4
// 重构日志: 6fd87d1c
// 重构日志: 1845b7cc
// 同步 ID: a150a557 @ Sat Aug  8 00:14:10 UTC 2026
// 重构日志: 2c86fb62
